"[{\"description\":\"A simple struct to test with no documentation at all.\",\"name\":\"MinimalData\",\"parameters\":{\"properties\":{\"id\":{\"type\":\"STRING\"},\"value\":{\"type\":\"INTEGER\"}},\"required\":[\"id\"],\"type\":\"OBJECT\"}},{\"description\":\"Represents user profile information.\",\"name\":\"UserProfile\",\"parameters\":{\"properties\":{\"alertPriority\":{\"description\":\"Represents different priority levels.\\n\\nPossible values:\\n  - `low`\\n  - `medium`\\n  - `high`\",\"enum\":[\"low\",\"medium\",\"high\"],\"type\":\"STRING\"},\"configData\":{\"description\":\"Some miscellaneous config data.\",\"type\":\"STRING\"},\"fullName\":{\"description\":\"The user's full name. Can be nil if not provided during signup.\",\"type\":\"STRING\"},\"isVerified\":{\"description\":\"Indicates if the user's email has been verified.\",\"type\":\"BOOLEAN\"},\"points\":{\"type\":\"NUMBER\"},\"preferences\":{\"additionalProperties\":{\"type\":\"STRING\"},\"description\":\"User preferences stored as string key-value pairs. E.g., \\\"theme\\\": \\\"dark\\\"\",\"type\":\"OBJECT\"},\"primaryAddress\":{\"description\":\"The primary address associated with the user profile.\",\"properties\":{\"city\":{\"description\":\"City name.\",\"type\":\"STRING\"},\"deliveryNotes\":{\"additionalProperties\":{\"type\":\"INTEGER\"},\"description\":\"Additional details, where values are simple numeric counters.\",\"type\":\"OBJECT\"},\"nestedCoordinates\":{\"description\":\"Nested array example for testing basic array handling.\",\"items\":{\"items\":{\"type\":\"INTEGER\"},\"type\":\"ARRAY\"},\"type\":\"ARRAY\"},\"phoneNumbers\":{\"description\":\"Optional array of phone numbers associated with this address.\",\"items\":{\"type\":\"STRING\"},\"type\":\"ARRAY\"},\"postalCode\":{\"description\":\"Postal code (ZIP code).\",\"type\":\"STRING\"},\"street\":{\"description\":\"Street address line 1.\",\"type\":\"STRING\"},\"streetOptional\":{\"description\":\"Optional street address line 2.\",\"type\":\"STRING\"}},\"required\":[\"street\",\"city\",\"postalCode\",\"deliveryNotes\"],\"type\":\"OBJECT\"},\"profilePictureURL\":{\"description\":\"Optional URL to the user's profile picture.\",\"type\":\"STRING\"},\"sessionID\":{\"description\":\"Unique session identifier, if available.\",\"type\":\"STRING\"},\"signupDate\":{\"description\":\"A multi-line block comment describing the signup date.\\nStored as an ISO 8601 formatted string in JSON.\",\"type\":\"STRING\"},\"status\":{\"description\":\"Represents the status of a task.\\n\\nPossible values:\\n  - `pending`\\n  - `active`\\n  - `completed`\\n  - `failed`\",\"enum\":[\"pending\",\"active\",\"completed\",\"failed\"],\"type\":\"STRING\"},\"tags\":{\"description\":\"List of tags associated with the user. Can be empty.\",\"items\":{\"type\":\"STRING\"},\"type\":\"ARRAY\"},\"userId\":{\"description\":\"The unique identifier for the user.\",\"type\":\"INTEGER\"}},\"required\":[\"userId\",\"isVerified\",\"signupDate\",\"points\",\"tags\",\"configData\",\"primaryAddress\",\"status\"],\"type\":\"OBJECT\"}},{\"description\":\"Defines shipping address details.\",\"name\":\"Address\",\"parameters\":{\"properties\":{\"city\":{\"description\":\"City name.\",\"type\":\"STRING\"},\"deliveryNotes\":{\"additionalProperties\":{\"type\":\"INTEGER\"},\"description\":\"Additional details, where values are simple numeric counters.\",\"type\":\"OBJECT\"},\"nestedCoordinates\":{\"description\":\"Nested array example for testing basic array handling.\",\"items\":{\"items\":{\"type\":\"INTEGER\"},\"type\":\"ARRAY\"},\"type\":\"ARRAY\"},\"phoneNumbers\":{\"description\":\"Optional array of phone numbers associated with this address.\",\"items\":{\"type\":\"STRING\"},\"type\":\"ARRAY\"},\"postalCode\":{\"description\":\"Postal code (ZIP code).\",\"type\":\"STRING\"},\"street\":{\"description\":\"Street address line 1.\",\"type\":\"STRING\"},\"streetOptional\":{\"description\":\"Optional street address line 2.\",\"type\":\"STRING\"}},\"required\":[\"street\",\"city\",\"postalCode\",\"deliveryNotes\"],\"type\":\"OBJECT\"}}]"