"[\n  {\n    \"function\" : {\n      \"description\" : \"Represents user profile information.\",\n      \"name\" : \"UserProfile\",\n      \"parameters\" : {\n        \"properties\" : {\n          \"alertPriority\" : {\n            \"description\" : \"Represents different priority levels.\\n\\nPossible values:\\n  - `low`\\n  - `medium`\\n  - `high`\",\n            \"enum\" : [\n              \"low\",\n              \"medium\",\n              \"high\"\n            ],\n            \"type\" : \"string\"\n          },\n          \"configData\" : {\n            \"description\" : \"Some miscellaneous config data.\",\n            \"format\" : \"byte\",\n            \"type\" : \"string\"\n          },\n          \"fullName\" : {\n            \"description\" : \"The user's full name. Can be nil if not provided during signup.\",\n            \"type\" : \"string\"\n          },\n          \"isVerified\" : {\n            \"description\" : \"Indicates if the user's email has been verified.\",\n            \"type\" : \"boolean\"\n          },\n          \"points\" : {\n            \"type\" : \"number\"\n          },\n          \"preferences\" : {\n            \"additionalProperties\" : {\n              \"type\" : \"string\"\n            },\n            \"description\" : \"User preferences stored as string key-value pairs. E.g., \\\"theme\\\": \\\"dark\\\"\",\n            \"type\" : \"object\"\n          },\n          \"primaryAddress\" : {\n            \"description\" : \"The primary address associated with the user profile.\",\n            \"properties\" : {\n              \"city\" : {\n                \"description\" : \"City name.\",\n                \"type\" : \"string\"\n              },\n              \"deliveryNotes\" : {\n                \"additionalProperties\" : {\n                  \"type\" : \"integer\"\n                },\n                \"description\" : \"Additional details, where values are simple numeric counters.\",\n                \"type\" : \"object\"\n              },\n              \"nestedCoordinates\" : {\n                \"description\" : \"Nested array example for testing basic array handling.\",\n                \"items\" : {\n                  \"items\" : {\n                    \"type\" : \"integer\"\n                  },\n                  \"type\" : \"array\"\n                },\n                \"type\" : \"array\"\n              },\n              \"phoneNumbers\" : {\n                \"description\" : \"Optional array of phone numbers associated with this address.\",\n                \"items\" : {\n                  \"type\" : \"string\"\n                },\n                \"type\" : \"array\"\n              },\n              \"postalCode\" : {\n                \"description\" : \"Postal code (ZIP code).\",\n                \"type\" : \"string\"\n              },\n              \"street\" : {\n                \"description\" : \"Street address line 1.\",\n                \"type\" : \"string\"\n              },\n              \"streetOptional\" : {\n                \"description\" : \"Optional street address line 2.\",\n                \"type\" : \"string\"\n              }\n            },\n            \"required\" : [\n              \"street\",\n              \"city\",\n              \"postalCode\",\n              \"deliveryNotes\"\n            ],\n            \"type\" : \"object\"\n          },\n          \"profilePictureURL\" : {\n            \"description\" : \"Optional URL to the user's profile picture.\",\n            \"format\" : \"uri\",\n            \"type\" : \"string\"\n          },\n          \"sessionID\" : {\n            \"description\" : \"Unique session identifier, if available.\",\n            \"format\" : \"uuid\",\n            \"type\" : \"string\"\n          },\n          \"signupDate\" : {\n            \"description\" : \"A multi-line block comment describing the signup date.\\nStored as an ISO 8601 formatted string in JSON.\",\n            \"format\" : \"date-time\",\n            \"type\" : \"string\"\n          },\n          \"status\" : {\n            \"description\" : \"Represents the status of a task.\\n\\nPossible values:\\n  - `pending`\\n  - `active`\\n  - `completed`\\n  - `failed`\",\n            \"enum\" : [\n              \"pending\",\n              \"active\",\n              \"completed\",\n              \"failed\"\n            ],\n            \"type\" : \"string\"\n          },\n          \"tags\" : {\n            \"description\" : \"List of tags associated with the user. Can be empty.\",\n            \"items\" : {\n              \"type\" : \"string\"\n            },\n            \"type\" : \"array\"\n          },\n          \"userId\" : {\n            \"description\" : \"The unique identifier for the user.\",\n            \"type\" : \"integer\"\n          }\n        },\n        \"required\" : [\n          \"userId\",\n          \"isVerified\",\n          \"signupDate\",\n          \"points\",\n          \"tags\",\n          \"configData\",\n          \"primaryAddress\",\n          \"status\"\n        ],\n        \"type\" : \"object\"\n      }\n    },\n    \"type\" : \"function\"\n  },\n  {\n    \"function\" : {\n      \"description\" : \"A simple struct to test with no documentation at all.\",\n      \"name\" : \"MinimalData\",\n      \"parameters\" : {\n        \"properties\" : {\n          \"id\" : {\n            \"type\" : \"string\"\n          },\n          \"value\" : {\n            \"type\" : \"integer\"\n          }\n        },\n        \"required\" : [\n          \"id\"\n        ],\n        \"type\" : \"object\"\n      }\n    },\n    \"type\" : \"function\"\n  },\n  {\n    \"function\" : {\n      \"description\" : \"Defines shipping address details.\",\n      \"name\" : \"Address\",\n      \"parameters\" : {\n        \"properties\" : {\n          \"city\" : {\n            \"description\" : \"City name.\",\n            \"type\" : \"string\"\n          },\n          \"deliveryNotes\" : {\n            \"additionalProperties\" : {\n              \"type\" : \"integer\"\n            },\n            \"description\" : \"Additional details, where values are simple numeric counters.\",\n            \"type\" : \"object\"\n          },\n          \"nestedCoordinates\" : {\n            \"description\" : \"Nested array example for testing basic array handling.\",\n            \"items\" : {\n              \"items\" : {\n                \"type\" : \"integer\"\n              },\n              \"type\" : \"array\"\n            },\n            \"type\" : \"array\"\n          },\n          \"phoneNumbers\" : {\n            \"description\" : \"Optional array of phone numbers associated with this address.\",\n            \"items\" : {\n              \"type\" : \"string\"\n            },\n            \"type\" : \"array\"\n          },\n          \"postalCode\" : {\n            \"description\" : \"Postal code (ZIP code).\",\n            \"type\" : \"string\"\n          },\n          \"street\" : {\n            \"description\" : \"Street address line 1.\",\n            \"type\" : \"string\"\n          },\n          \"streetOptional\" : {\n            \"description\" : \"Optional street address line 2.\",\n            \"type\" : \"string\"\n          }\n        },\n        \"required\" : [\n          \"street\",\n          \"city\",\n          \"postalCode\",\n          \"deliveryNotes\"\n        ],\n        \"type\" : \"object\"\n      }\n    },\n    \"type\" : \"function\"\n  }\n]"